--------------------------------------------------------------------------------------
Timing Analyzer Summary
--------------------------------------------------------------------------------------

Type           : Worst-case tsu
Slack          : N/A
Required Time  : None
Actual Time    : 12.500 ns
From           : UART1_RX
To             : UARTRX:rxLCB1|sync[0]
From Clock     : --
To Clock       : clk80
Failed Paths   : 0

Type           : Worst-case tco
Slack          : N/A
Required Time  : None
Actual Time    : 21.200 ns
From           : UARTTXBIG:rqLCB1|tx
To             : UART1_TX
From Clock     : clk80
To Clock       : --
Failed Paths   : 0

Type           : Worst-case th
Slack          : N/A
Required Time  : None
Actual Time    : -3.400 ns
From           : UART5_RX
To             : UARTRX:rxLCB4|sync[0]
From Clock     : --
To Clock       : clk80
Failed Paths   : 0

Type           : Clock Setup: 'clk80'
Slack          : N/A
Required Time  : None
Actual Time    : 38.02 MHz ( period = 26.300 ns )
From           : globalReset:aClear|lpm_counter:count_rtl_1|alt_counter_f10ke:wysi_counter|counter_cell[0]
To             : globalReset:aClear|lpm_counter:count_rtl_1|alt_counter_f10ke:wysi_counter|counter_cell[63]
From Clock     : clk80
To Clock       : clk80
Failed Paths   : 0

Type           : Clock Setup: 'clk100'
Slack          : N/A
Required Time  : None
Actual Time    : 47.17 MHz ( period = 21.200 ns )
From           : M8:frameFormer|cntBit[4]
To             : M8:frameFormer|outWrd[22]
From Clock     : clk100
To Clock       : clk100
Failed Paths   : 0

Type           : Total number of failed paths
Slack          : 
Required Time  : 
Actual Time    : 
From           : 
To             : 
From Clock     : 
To Clock       : 
Failed Paths   : 0

--------------------------------------------------------------------------------------

